exports[`App component renders correctly 1`] = `
<div>
  <img
    alt="logo"
    src="src/logo.png" />
  <h1
    className="App__heading___1SHop i__imported_default_font_0">
    Hello from app
  </h1>
  <p
    className="App__paragraph___1hxOD i__imported_default_font_0">
    This is a paragraph
  </p>
  <input />
</div>
`;
