exports[`App renders correctly`] = `
<div>
  <img
    alt="logo"
    src="logo.1731a1ce.png" />
  <h1
    className="App__heading___l4-3T typography__default-font___1ZFpu colors__font-color___12YaD">
    Hello from app
  </h1>
  <p
    className="App__paragraph___-3KUq typography__default-font___1ZFpu colors__font-color___12YaD">
    This is a paragraph
  </p>
  <input />
</div>
`;
